Testing <wait=30>, excluding <>
Results:

Testing <8000>, excluding <>
Results:
1 is a table:
   dialstring	[hangup_after_bridge=true]User/8000@1.2.3.4
   kind	DS

Testing <8000>, excluding <8000>
crit: utilities_dialplan.lua: parse(): Returning nil.
Results: Nil

Testing <wait=29,8000:wait=31,4000>, excluding <>
Results:
1 is a table:
   dialstring	[call_timeout=29,hangup_after_bridge=true]User/8000@1.2.3.4:_:[call_timeout=31,hangup_after_bridge=true]User/4000@1.2.3.4
   kind	DS

Testing <wait=29,8000:wait=31,4000>, excluding <4000>
Results:
1 is a table:
   dialstring	[call_timeout=29,hangup_after_bridge=true]User/8000@1.2.3.4
   kind	DS

Testing <wait=29,8000:wait=31,4000>, excluding <8000>
Results:
1 is a table:
   dialstring	[call_timeout=31,hangup_after_bridge=true]User/4000@1.2.3.4
   kind	DS

Testing <wait=30|8001:4001|VM(546)>, excluding <>
Results:
1 is a table:
   dialstring	[call_timeout=30,hangup_after_bridge=true]User/8001@1.2.3.4:_:[call_timeout=30,hangup_after_bridge=true]User/4001@1.2.3.4
   kind	DS
2 is a table:
   dialstring	546
   kind	FU_VM

Testing <wait=39|X(28)>, excluding <>
crit: utilities_dialplan.lua: parse(): Unknown function: X
Results:

Testing <wait=30>, excluding <>
Results:

Testing <8000@5.6.7.8>, excluding <>
Results:
1 is a table:
   dialstring	[hangup_after_bridge=true]User/8000@5.6.7.8
   kind	DS

Testing <8000@5.6.7.8>, excluding <8000>
crit: utilities_dialplan.lua: parse(): Returning nil.
Results: Nil

Testing <wait=29,8000:wait=31,4000>, excluding <>
Results:
1 is a table:
   dialstring	[call_timeout=29,hangup_after_bridge=true]User/8000@1.2.3.4:_:[call_timeout=31,hangup_after_bridge=true]User/4000@1.2.3.4
   kind	DS

Testing <wait=29,8000:wait=31,4000>, excluding <4000>
Results:
1 is a table:
   dialstring	[call_timeout=29,hangup_after_bridge=true]User/8000@1.2.3.4
   kind	DS

Testing <wait=29,8000:wait=31,4000>, excluding <8000>
Results:
1 is a table:
   dialstring	[call_timeout=31,hangup_after_bridge=true]User/4000@1.2.3.4
   kind	DS

Testing <wait=30|8001@5.6.7.8:4001%9.8.7.6|VM(546)>, excluding <>
Results:
1 is a table:
   dialstring	[call_timeout=30,hangup_after_bridge=true]User/8001@5.6.7.8:_:[call_timeout=30,hangup_after_bridge=true]User/4001%9.8.7.6
   kind	DS
2 is a table:
   dialstring	546
   kind	FU_VM

Testing <wait=39|X(28)>, excluding <>
crit: utilities_dialplan.lua: parse(): Unknown function: X
Results:

